AAAABBBCCC
DDDEBFFGGC
DHHEEFGGIJ
KKHHEFLIIJ
KKMMMMLINJ
OPPQRRLLNJ
OOPQQRRNNS
TOPQUUVVSS
TTTUUWVVSY
XXXXWWWYYY
