AABBCC.E
.AABBCCE
DDFFFF.E
.DDGGHHE
IIJJGGHH
.IIJJKK.
......KK
........
