AAAABBBB
CDDDDFFF
CCEEEEF.
.CGGG...
...GHHHH
IIIIJ...
KKKKJ...
LLLLJJ..
